error: error number 0
   |
20 |     compile_error!(concat!("error number ", stringify!(N)));
   |     ^^^^^^^^^^^^^^^^^^^^^^^^^^^^^^^^^^^^^^^^^^^^^^^^^^^^^^^^

error: error number 1
   |
20 |     compile_error!(concat!("error number ", stringify!(N)));
   |     ^^^^^^^^^^^^^^^^^^^^^^^^^^^^^^^^^^^^^^^^^^^^^^^^^^^^^^^^

error: error number 2
   |
20 |     compile_error!(concat!("error number ", stringify!(N)));
   |     ^^^^^^^^^^^^^^^^^^^^^^^^^^^^^^^^^^^^^^^^^^^^^^^^^^^^^^^^

error: error number 3
   |
20 |     compile_error!(concat!("error number ", stringify!(N)));
   |     ^^^^^^^^^^^^^^^^^^^^^^^^^^^^^^^^^^^^^^^^^^^^^^^^^^^^^^^^

error: aborting due to 4 previous errors
