error: SomethingFailed should sort before ThatFailed
   |
20 |     SomethingFailed,
   |     ^^^^^^^^^^^^^^^
