error: Dyn should sort before Fmt
   |
19 |     Dyn(Box<dyn StdError>),
   |     ^^^
