error: expected builder attribute to be a list
   |
22 |     #[builder]
   |     ^^^^^^^^^^
